100777710000999977771100777712377774659999777757977771777729999777737777